[12:23:28] start L=200000 churn=4x550000 | store=18.83G load=0.00G pc_hits/q=164224/329699 ext_hits/q=0/165475 preempt=0 alloc_fail=0
[12:23:59] cold   : prompt=199752 TTFT= 29.17s total=  30.5s (  6848 tok/s prefill) needle=OK | store=41.69G load=0.00G pc_hits/q=164224/529451 ext_hits/q=0/365227 preempt=0 alloc_fail=0
[12:24:02]          after 3 s: store=41.69G load=0.00G pc_hits/q=164224/529451 ext_hits/q=0/365227 preempt=0 alloc_fail=0  (store delta 22.85 GiB = 120.0 KiB/token)
[12:24:04] gpuhit0: prompt=199752 TTFT=  0.41s total=   1.5s identical_to_cold=False  (intra-run determinism control)
[12:25:56] churn 1/4: prompt=549016  112.6s (  4878 tok/s) cum=549016
Traceback (most recent call last):
  File "<host-B>/a2/d2/reload_test.py", line 137, in <module>
    r = post("/v1/completions", {"model": a.model, "prompt": cp, "max_tokens": 1, "temperature": 0.0})
        ^^^^^^^^^^^^^^^^^^^^^^^^^^^^^^^^^^^^^^^^^^^^^^^^^^^^^^^^^^^^^^^^^^^^^^^^^^^^^^^^^^^^^^^^^^^^^^
  File "<host-B>/a2/d2/reload_test.py", line 26, in post
    with urllib.request.urlopen(req, timeout=timeout) as r:
         ^^^^^^^^^^^^^^^^^^^^^^^^^^^^^^^^^^^^^^^^^^^^
  File "/usr/lib/python3.12/urllib/request.py", line 215, in urlopen
    return opener.open(url, data, timeout)
           ^^^^^^^^^^^^^^^^^^^^^^^^^^^^^^^
  File "/usr/lib/python3.12/urllib/request.py", line 521, in open
    response = meth(req, response)
               ^^^^^^^^^^^^^^^^^^^
  File "/usr/lib/python3.12/urllib/request.py", line 630, in http_response
    response = self.parent.error(
               ^^^^^^^^^^^^^^^^^^
  File "/usr/lib/python3.12/urllib/request.py", line 559, in error
    return self._call_chain(*args)
           ^^^^^^^^^^^^^^^^^^^^^^^
  File "/usr/lib/python3.12/urllib/request.py", line 492, in _call_chain
    result = func(*args)
             ^^^^^^^^^^^
  File "/usr/lib/python3.12/urllib/request.py", line 639, in http_error_default
    raise HTTPError(req.full_url, code, msg, hdrs, fp)
urllib.error.HTTPError: HTTP Error 500: Internal Server Error
