[17:02:38] start L=200000 churn=1x550000 | store=0.00G load=0.00G pc_hits/q=0/0 ext_hits/q=0/0 preempt=0 alloc_fail=0
[17:03:19] cold   : prompt=199752 TTFT= 36.41s total=  40.8s (  5486 tok/s prefill) needle=OK | store=22.85G load=0.00G pc_hits/q=0/199752 ext_hits/q=0/199752 preempt=0 alloc_fail=0
[17:03:22]          after 3 s: store=22.85G load=0.00G pc_hits/q=0/199752 ext_hits/q=0/199752 preempt=0 alloc_fail=0  (store delta 22.85 GiB = 120.0 KiB/token)
[17:03:26] gpuhit0: prompt=199752 TTFT=  0.40s total=   3.4s identical_to_cold=False  (intra-run determinism control)
Traceback (most recent call last):
  File "<host-B>/a2/d2/kv_offload_reload.py", line 139, in <module>
    r = post("/v1/completions", {"model": a.model, "prompt": cp, "max_tokens": 1, "temperature": 0.0})
        ^^^^^^^^^^^^^^^^^^^^^^^^^^^^^^^^^^^^^^^^^^^^^^^^^^^^^^^^^^^^^^^^^^^^^^^^^^^^^^^^^^^^^^^^^^^^^^
  File "<host-B>/a2/d2/kv_offload_reload.py", line 28, in post
    with urllib.request.urlopen(req, timeout=timeout) as r:
         ^^^^^^^^^^^^^^^^^^^^^^^^^^^^^^^^^^^^^^^^^^^^
  File "/usr/lib/python3.12/urllib/request.py", line 215, in urlopen
    return opener.open(url, data, timeout)
           ^^^^^^^^^^^^^^^^^^^^^^^^^^^^^^^
  File "/usr/lib/python3.12/urllib/request.py", line 515, in open
    response = self._open(req, data)
               ^^^^^^^^^^^^^^^^^^^^^
  File "/usr/lib/python3.12/urllib/request.py", line 532, in _open
    result = self._call_chain(self.handle_open, protocol, protocol +
             ^^^^^^^^^^^^^^^^^^^^^^^^^^^^^^^^^^^^^^^^^^^^^^^^^^^^^^^
  File "/usr/lib/python3.12/urllib/request.py", line 492, in _call_chain
    result = func(*args)
             ^^^^^^^^^^^
  File "/usr/lib/python3.12/urllib/request.py", line 1373, in http_open
    return self.do_open(http.client.HTTPConnection, req)
           ^^^^^^^^^^^^^^^^^^^^^^^^^^^^^^^^^^^^^^^^^^^^^
  File "/usr/lib/python3.12/urllib/request.py", line 1348, in do_open
    r = h.getresponse()
        ^^^^^^^^^^^^^^^
  File "/usr/lib/python3.12/http/client.py", line 1457, in getresponse
    response.begin()
  File "/usr/lib/python3.12/http/client.py", line 336, in begin
    version, status, reason = self._read_status()
                              ^^^^^^^^^^^^^^^^^^^
  File "/usr/lib/python3.12/http/client.py", line 305, in _read_status
    raise RemoteDisconnected("Remote end closed connection without"
http.client.RemoteDisconnected: Remote end closed connection without response
