[20:44:43] start L=200000 churn=2x550000 | store=0.00G load=0.00G pc_hits/q=0/0 ext_hits/q=0/0 preempt=0 alloc_fail=0
[20:45:21] cold   : prompt=199752 TTFT= 36.62s total=  38.3s (  5455 tok/s prefill) needle=OK | store=22.85G load=0.00G pc_hits/q=0/199752 ext_hits/q=0/199752 preempt=0 alloc_fail=0
[20:45:24]          after 3 s: store=22.85G load=0.00G pc_hits/q=0/199752 ext_hits/q=0/199752 preempt=0 alloc_fail=0  (store delta 22.85 GiB = 120.0 KiB/token)
[20:45:26] gpuhit0: prompt=199752 TTFT=  0.40s total=   1.8s identical_to_cold=False  (intra-run determinism control)
Traceback (most recent call last):
  File "<host-B>/a2/d2/kv_offload_reload.py", line 139, in <module>
    r = post("/v1/completions", {"model": a.model, "prompt": cp, "max_tokens": 1, "temperature": 0.0})
        ^^^^^^^^^^^^^^^^^^^^^^^^^^^^^^^^^^^^^^^^^^^^^^^^^^^^^^^^^^^^^^^^^^^^^^^^^^^^^^^^^^^^^^^^^^^^^^
  File "<host-B>/a2/d2/kv_offload_reload.py", line 28, in post
    with urllib.request.urlopen(req, timeout=timeout) as r:
         ^^^^^^^^^^^^^^^^^^^^^^^^^^^^^^^^^^^^^^^^^^^^
  File "/usr/lib/python3.12/urllib/request.py", line 215, in urlopen
    return opener.open(url, data, timeout)
           ^^^^^^^^^^^^^^^^^^^^^^^^^^^^^^^
  File "/usr/lib/python3.12/urllib/request.py", line 521, in open
    response = meth(req, response)
               ^^^^^^^^^^^^^^^^^^^
  File "/usr/lib/python3.12/urllib/request.py", line 630, in http_response
    response = self.parent.error(
               ^^^^^^^^^^^^^^^^^^
  File "/usr/lib/python3.12/urllib/request.py", line 559, in error
    return self._call_chain(*args)
           ^^^^^^^^^^^^^^^^^^^^^^^
  File "/usr/lib/python3.12/urllib/request.py", line 492, in _call_chain
    result = func(*args)
             ^^^^^^^^^^^
  File "/usr/lib/python3.12/urllib/request.py", line 639, in http_error_default
    raise HTTPError(req.full_url, code, msg, hdrs, fp)
urllib.error.HTTPError: HTTP Error 500: Internal Server Error
