[17:56:57] start L=24000 churn=500x24000 | store=0.00G load=0.00G pc_hits/q=0/0 ext_hits/q=0/0 preempt=0 alloc_fail=0
[17:56:58] cold   : prompt=24109 TTFT=  0.30s total=   0.5s ( 81688 tok/s prefill) needle=NIE | store=2.57G load=0.00G pc_hits/q=0/24109 ext_hits/q=0/24109 preempt=0 alloc_fail=0
[17:57:01]          after 3 s: store=2.57G load=0.00G pc_hits/q=0/24109 ext_hits/q=0/24109 preempt=0 alloc_fail=0  (store delta 2.57 GiB = 111.9 KiB/token)
[17:57:01] gpuhit0: prompt=24109 TTFT=  0.09s total=   0.3s identical_to_cold=True  (intra-run determinism control)
[17:57:01] churn 1/500: prompt=23941    0.3s ( 83880 tok/s) cum=23941
[17:57:01] churn 2/500: prompt=24000    0.3s ( 84887 tok/s) cum=47941
[17:57:02] churn 3/500: prompt=23954    0.3s ( 85095 tok/s) cum=71895
[17:57:02] churn 4/500: prompt=23964    0.3s ( 84941 tok/s) cum=95859
[17:57:02] churn 5/500: prompt=23913    0.3s ( 84700 tok/s) cum=119772
[17:57:03] churn 6/500: prompt=23976    0.3s ( 84662 tok/s) cum=143748
[17:57:03] churn 7/500: prompt=23917    0.3s ( 84803 tok/s) cum=167665
[17:57:03] churn 8/500: prompt=23941    0.3s ( 85084 tok/s) cum=191606
[17:57:03] churn 9/500: prompt=23938    0.3s ( 84806 tok/s) cum=215544
[17:57:04] churn 10/500: prompt=24013    0.3s ( 84929 tok/s) cum=239557
[17:57:04] churn 11/500: prompt=23959    0.3s ( 84773 tok/s) cum=263516
[17:57:04] churn 12/500: prompt=23995    0.3s ( 84885 tok/s) cum=287511
[17:57:05] churn 13/500: prompt=23908    0.3s ( 84926 tok/s) cum=311419
[17:57:05] churn 14/500: prompt=23940    0.3s ( 84830 tok/s) cum=335359
[17:57:05] churn 15/500: prompt=23979    0.3s ( 84829 tok/s) cum=359338
[17:57:05] churn 16/500: prompt=23866    0.3s ( 84764 tok/s) cum=383204
[17:57:06] churn 17/500: prompt=24009    0.3s ( 84823 tok/s) cum=407213
[17:57:06] churn 18/500: prompt=23993    0.3s ( 84869 tok/s) cum=431206
[17:57:06] churn 19/500: prompt=23911    0.3s ( 84964 tok/s) cum=455117
[17:57:07] churn 20/500: prompt=23949    0.3s ( 80881 tok/s) cum=479066
[17:57:07] churn 21/500: prompt=23929    0.3s ( 85042 tok/s) cum=502995
[17:57:07] churn 22/500: prompt=23952    0.3s ( 84770 tok/s) cum=526947
[17:57:08] churn 23/500: prompt=23992    0.3s ( 85024 tok/s) cum=550939
[17:57:08] churn 24/500: prompt=23984    0.3s ( 84735 tok/s) cum=574923
[17:57:08] churn 25/500: prompt=24016    0.3s ( 84641 tok/s) cum=598939
[17:57:08] churn 26/500: prompt=23957    0.3s ( 84840 tok/s) cum=622896
[17:57:09] churn 27/500: prompt=23941    0.3s ( 85044 tok/s) cum=646837
[17:57:09] churn 28/500: prompt=23938    0.3s ( 84620 tok/s) cum=670775
[17:57:09] churn 29/500: prompt=23926    0.3s ( 84736 tok/s) cum=694701
[17:57:10] churn 30/500: prompt=23942    0.3s ( 84643 tok/s) cum=718643
[17:57:10] churn 31/500: prompt=23970    0.3s ( 85000 tok/s) cum=742613
[17:57:10] churn 32/500: prompt=23886    0.3s ( 84702 tok/s) cum=766499
[17:57:10] churn 33/500: prompt=23942    0.3s ( 84937 tok/s) cum=790441
[17:57:11] churn 34/500: prompt=23927    0.3s ( 84822 tok/s) cum=814368
[17:57:11] churn 35/500: prompt=23890    0.3s ( 84902 tok/s) cum=838258
[17:57:11] churn 36/500: prompt=23948    0.3s ( 84848 tok/s) cum=862206
[17:57:12] churn 37/500: prompt=23963    0.3s ( 84747 tok/s) cum=886169
[17:57:12] churn 38/500: prompt=23954    0.3s ( 84641 tok/s) cum=910123
[17:57:12] churn 39/500: prompt=23918    0.3s ( 84961 tok/s) cum=934041
[17:57:12] churn 40/500: prompt=23933    0.3s ( 85128 tok/s) cum=957974
[17:57:13] churn 41/500: prompt=23972    0.3s ( 84834 tok/s) cum=981946
[17:57:13] churn 42/500: prompt=23940    0.3s ( 84357 tok/s) cum=1005886
[17:57:13] churn 43/500: prompt=23954    0.3s ( 84921 tok/s) cum=1029840
[17:57:14] churn 44/500: prompt=23967    0.3s ( 84791 tok/s) cum=1053807
[17:57:14] churn 45/500: prompt=23937    0.3s ( 84611 tok/s) cum=1077744
[17:57:14] churn 46/500: prompt=23871    0.3s ( 84691 tok/s) cum=1101615
[17:57:14] churn 47/500: prompt=23985    0.3s ( 84991 tok/s) cum=1125600
[17:57:15] churn 48/500: prompt=23919    0.3s ( 84376 tok/s) cum=1149519
[17:57:15] churn 49/500: prompt=23925    0.3s ( 84636 tok/s) cum=1173444
[17:57:15] churn 50/500: prompt=23940    0.3s ( 84367 tok/s) cum=1197384
[17:57:16] churn 51/500: prompt=23903    0.3s ( 84896 tok/s) cum=1221287
[17:57:16] churn 52/500: prompt=23974    0.3s ( 85149 tok/s) cum=1245261
[17:57:16] churn 53/500: prompt=23955    0.3s ( 84801 tok/s) cum=1269216
[17:57:16] churn 54/500: prompt=23938    0.3s ( 84788 tok/s) cum=1293154
[17:57:17] churn 55/500: prompt=23908    0.3s ( 84667 tok/s) cum=1317062
[17:57:17] churn 56/500: prompt=23931    0.3s ( 84873 tok/s) cum=1340993
[17:57:17] churn 57/500: prompt=23940    0.3s ( 84558 tok/s) cum=1364933
[17:57:18] churn 58/500: prompt=23924    0.3s ( 84609 tok/s) cum=1388857
[17:57:18] churn 59/500: prompt=23939    0.3s ( 84973 tok/s) cum=1412796
[17:57:18] churn 60/500: prompt=23943    0.3s ( 85384 tok/s) cum=1436739
[17:57:18] churn 61/500: prompt=24001    0.3s ( 85012 tok/s) cum=1460740
[17:57:19] churn 62/500: prompt=23929    0.3s ( 85116 tok/s) cum=1484669
[17:57:19] churn 63/500: prompt=23957    0.3s ( 85144 tok/s) cum=1508626
[17:57:19] churn 64/500: prompt=23943    0.3s ( 85296 tok/s) cum=1532569
[17:57:20] churn 65/500: prompt=23980    0.3s ( 85579 tok/s) cum=1556549
[17:57:20] churn 66/500: prompt=23957    0.3s ( 86508 tok/s) cum=1580506
[17:57:20] churn 67/500: prompt=23971    0.3s ( 86515 tok/s) cum=1604477
[17:57:20] churn 68/500: prompt=23952    0.3s ( 84893 tok/s) cum=1628429
[17:57:21] churn 69/500: prompt=23944    0.3s ( 84980 tok/s) cum=1652373
[17:57:21] churn 70/500: prompt=23984    0.3s ( 85108 tok/s) cum=1676357
[17:57:21] churn 71/500: prompt=23944    0.3s ( 81070 tok/s) cum=1700301
[17:57:22] churn 72/500: prompt=23904    0.3s ( 85232 tok/s) cum=1724205
[17:57:22] churn 73/500: prompt=23996    0.3s ( 85257 tok/s) cum=1748201
[17:57:22] churn 74/500: prompt=23950    0.3s ( 84895 tok/s) cum=1772151
[17:57:23] churn 75/500: prompt=23925    0.3s ( 84455 tok/s) cum=1796076
[17:57:23] churn 76/500: prompt=23899    0.3s ( 84954 tok/s) cum=1819975
[17:57:23] churn 77/500: prompt=23974    0.3s ( 84580 tok/s) cum=1843949
[17:57:23] churn 78/500: prompt=23925    0.3s ( 85021 tok/s) cum=1867874
[17:57:24] churn 79/500: prompt=23944    0.3s ( 84640 tok/s) cum=1891818
[17:57:24] churn 80/500: prompt=23969    0.3s ( 81099 tok/s) cum=1915787
[17:57:24] churn 81/500: prompt=23950    0.3s ( 85053 tok/s) cum=1939737
[17:57:25] churn 82/500: prompt=23950    0.3s ( 85019 tok/s) cum=1963687
[17:57:25] churn 83/500: prompt=23906    0.3s ( 85176 tok/s) cum=1987593
[17:57:25] churn 84/500: prompt=23922    0.3s ( 85240 tok/s) cum=2011515
[17:57:25] churn 85/500: prompt=23958    0.3s ( 85324 tok/s) cum=2035473
[17:57:26] churn 86/500: prompt=23989    0.3s ( 85140 tok/s) cum=2059462
[17:57:26] churn 87/500: prompt=23930    0.3s ( 84775 tok/s) cum=2083392
[17:57:26] churn 88/500: prompt=23917    0.3s ( 85079 tok/s) cum=2107309
[17:57:27] churn 89/500: prompt=23967    0.3s ( 84976 tok/s) cum=2131276
[17:57:27] churn 90/500: prompt=23961    0.3s ( 80901 tok/s) cum=2155237
[17:57:27] churn 91/500: prompt=23966    0.3s ( 85312 tok/s) cum=2179203
[17:57:27] churn 92/500: prompt=23939    0.3s ( 85039 tok/s) cum=2203142
[17:57:28] churn 93/500: prompt=24003    0.3s ( 84887 tok/s) cum=2227145
[17:57:28] churn 94/500: prompt=23970    0.3s ( 85143 tok/s) cum=2251115
[17:57:28] churn 95/500: prompt=23936    0.3s ( 85222 tok/s) cum=2275051
[17:57:29] churn 96/500: prompt=24048    0.3s ( 85118 tok/s) cum=2299099
[17:57:29] churn 97/500: prompt=23965    0.3s ( 85123 tok/s) cum=2323064
[17:57:29] churn 98/500: prompt=24014    0.3s ( 85161 tok/s) cum=2347078
[17:57:29] churn 99/500: prompt=23979    0.3s ( 84056 tok/s) cum=2371057
[17:57:30] churn 100/500: prompt=23992    0.3s ( 81051 tok/s) cum=2395049
[17:57:30] churn 101/500: prompt=23924    0.3s ( 85027 tok/s) cum=2418973
[17:57:30] churn 102/500: prompt=23958    0.3s ( 85120 tok/s) cum=2442931
[17:57:31] churn 103/500: prompt=23926    0.3s ( 84945 tok/s) cum=2466857
[17:57:31] churn 104/500: prompt=23945    0.3s ( 85212 tok/s) cum=2490802
[17:57:31] churn 105/500: prompt=23951    0.3s ( 85148 tok/s) cum=2514753
[17:57:31] churn 106/500: prompt=23990    0.3s ( 85058 tok/s) cum=2538743
[17:57:32] churn 107/500: prompt=23962    0.3s ( 85150 tok/s) cum=2562705
[17:57:32] churn 108/500: prompt=23953    0.3s ( 85228 tok/s) cum=2586658
[17:57:32] churn 109/500: prompt=23914    0.3s ( 84998 tok/s) cum=2610572
[17:57:33] churn 110/500: prompt=23917    0.3s ( 85113 tok/s) cum=2634489
[17:57:33] churn 111/500: prompt=23907    0.3s ( 84782 tok/s) cum=2658396
[17:57:33] churn 112/500: prompt=23922    0.3s ( 85089 tok/s) cum=2682318
[17:57:33] churn 113/500: prompt=23974    0.3s ( 85309 tok/s) cum=2706292
[17:57:34] churn 114/500: prompt=23977    0.3s ( 85068 tok/s) cum=2730269
[17:57:34] churn 115/500: prompt=23954    0.3s ( 85270 tok/s) cum=2754223
[17:57:34] churn 116/500: prompt=24017    0.3s ( 84216 tok/s) cum=2778240
[17:57:35] churn 117/500: prompt=23903    0.3s ( 84646 tok/s) cum=2802143
[17:57:35] churn 118/500: prompt=23970    0.3s ( 84940 tok/s) cum=2826113
[17:57:35] churn 119/500: prompt=23931    0.3s ( 85066 tok/s) cum=2850044
[17:57:36] churn 120/500: prompt=23928    0.3s ( 84855 tok/s) cum=2873972
[17:57:36] churn 121/500: prompt=23946    0.3s ( 85045 tok/s) cum=2897918
[17:57:36] churn 122/500: prompt=23949    0.3s ( 85098 tok/s) cum=2921867
[17:57:36] churn 123/500: prompt=23922    0.3s ( 81464 tok/s) cum=2945789
[17:57:37] churn 124/500: prompt=23920    0.3s ( 85305 tok/s) cum=2969709
[17:57:37] churn 125/500: prompt=23981    0.3s ( 85167 tok/s) cum=2993690
[17:57:37] churn 126/500: prompt=23971    0.3s ( 85222 tok/s) cum=3017661
[17:57:38] churn 127/500: prompt=23962    0.3s ( 81431 tok/s) cum=3041623
[17:57:38] churn 128/500: prompt=23907    0.3s ( 85779 tok/s) cum=3065530
[17:57:38] churn 129/500: prompt=23974    0.3s ( 81049 tok/s) cum=3089504
[17:57:38] churn 130/500: prompt=23969    0.3s ( 85052 tok/s) cum=3113473
[17:57:39] churn 131/500: prompt=23963    0.3s ( 85105 tok/s) cum=3137436
[17:57:39] churn 132/500: prompt=23931    0.3s ( 85131 tok/s) cum=3161367
[17:57:39] churn 133/500: prompt=23981    0.3s ( 85116 tok/s) cum=3185348
[17:57:40] churn 134/500: prompt=23985    0.3s ( 85359 tok/s) cum=3209333
[17:57:40] churn 135/500: prompt=23977    0.3s ( 85376 tok/s) cum=3233310
[17:57:40] churn 136/500: prompt=24000    0.3s ( 85395 tok/s) cum=3257310
[17:57:40] churn 137/500: prompt=23950    0.3s ( 85099 tok/s) cum=3281260
[17:57:41] churn 138/500: prompt=23931    0.3s ( 85089 tok/s) cum=3305191
[17:57:41] churn 139/500: prompt=23987    0.3s ( 85098 tok/s) cum=3329178
[17:57:41] churn 140/500: prompt=23989    0.3s ( 85205 tok/s) cum=3353167
[17:57:42] churn 141/500: prompt=23984    0.3s ( 85319 tok/s) cum=3377151
[17:57:42] churn 142/500: prompt=23939    0.3s ( 85079 tok/s) cum=3401090
[17:57:42] churn 143/500: prompt=23943    0.3s ( 81210 tok/s) cum=3425033
[17:57:42] churn 144/500: prompt=23980    0.3s ( 81388 tok/s) cum=3449013
[17:57:43] churn 145/500: prompt=24001    0.3s ( 85012 tok/s) cum=3473014
[17:57:43] churn 146/500: prompt=23947    0.3s ( 84863 tok/s) cum=3496961
[17:57:43] churn 147/500: prompt=23960    0.3s ( 84883 tok/s) cum=3520921
[17:57:44] churn 148/500: prompt=23964    0.3s ( 81091 tok/s) cum=3544885
[17:57:44] churn 149/500: prompt=23974    0.3s ( 85072 tok/s) cum=3568859
[17:57:44] churn 150/500: prompt=23930    0.3s ( 81810 tok/s) cum=3592789
[17:57:45] churn 151/500: prompt=23929    0.3s ( 84998 tok/s) cum=3616718
[17:57:45] churn 152/500: prompt=23957    0.3s ( 85094 tok/s) cum=3640675
[17:57:45] churn 153/500: prompt=23979    0.3s ( 85079 tok/s) cum=3664654
[17:57:45] churn 154/500: prompt=23959    0.3s ( 84658 tok/s) cum=3688613
[17:57:46] churn 155/500: prompt=23932    0.3s ( 84015 tok/s) cum=3712545
[17:57:46] churn 156/500: prompt=23968    0.3s ( 84966 tok/s) cum=3736513
[17:57:46] churn 157/500: prompt=23988    0.3s ( 85117 tok/s) cum=3760501
[17:57:47] churn 158/500: prompt=24049    0.3s ( 85151 tok/s) cum=3784550
[17:57:47] churn 159/500: prompt=23958    0.3s ( 84809 tok/s) cum=3808508
[17:57:47] churn 160/500: prompt=23958    0.3s ( 85104 tok/s) cum=3832466
[17:57:47] churn 161/500: prompt=23998    0.3s ( 84463 tok/s) cum=3856464
[17:57:48] churn 162/500: prompt=23935    0.3s ( 84900 tok/s) cum=3880399
[17:57:48] churn 163/500: prompt=23981    0.3s ( 85163 tok/s) cum=3904380
[17:57:48] churn 164/500: prompt=23939    0.3s ( 84841 tok/s) cum=3928319
[17:57:49] churn 165/500: prompt=23918    0.3s ( 85021 tok/s) cum=3952237
[17:57:49] churn 166/500: prompt=23930    0.3s ( 85072 tok/s) cum=3976167
[17:57:49] churn 167/500: prompt=23969    0.3s ( 85071 tok/s) cum=4000136
[17:57:49] churn 168/500: prompt=23895    0.3s ( 84949 tok/s) cum=4024031
[17:57:50] churn 169/500: prompt=23926    0.3s ( 81526 tok/s) cum=4047957
[17:57:50] churn 170/500: prompt=23920    0.3s ( 85170 tok/s) cum=4071877
[17:57:50] churn 171/500: prompt=23976    0.3s ( 85096 tok/s) cum=4095853
[17:57:51] churn 172/500: prompt=23962    0.3s ( 85293 tok/s) cum=4119815
[17:57:51] churn 173/500: prompt=23942    0.3s ( 85185 tok/s) cum=4143757
[17:57:51] churn 174/500: prompt=23946    0.3s ( 84890 tok/s) cum=4167703
[17:57:51] churn 175/500: prompt=24003    0.3s ( 81098 tok/s) cum=4191706
[17:57:52] churn 176/500: prompt=23964    0.3s ( 85144 tok/s) cum=4215670
[17:57:52] churn 177/500: prompt=23938    0.3s ( 85114 tok/s) cum=4239608
[17:57:52] churn 178/500: prompt=23945    0.3s ( 85089 tok/s) cum=4263553
[17:57:53] churn 179/500: prompt=23993    0.3s ( 85642 tok/s) cum=4287546
[17:57:53] churn 180/500: prompt=23943    0.3s ( 85150 tok/s) cum=4311489
[17:57:53] churn 181/500: prompt=23956    0.3s ( 84709 tok/s) cum=4335445
[17:57:53] churn 182/500: prompt=23929    0.3s ( 84522 tok/s) cum=4359374
[17:57:54] churn 183/500: prompt=23938    0.3s ( 85337 tok/s) cum=4383312
[17:57:54] churn 184/500: prompt=23998    0.3s ( 85240 tok/s) cum=4407310
[17:57:54] churn 185/500: prompt=23916    0.3s ( 85142 tok/s) cum=4431226
[17:57:55] churn 186/500: prompt=23942    0.3s ( 85228 tok/s) cum=4455168
[17:57:55] churn 187/500: prompt=23974    0.3s ( 85334 tok/s) cum=4479142
[17:57:55] churn 188/500: prompt=23984    0.3s ( 85352 tok/s) cum=4503126
[17:57:55] churn 189/500: prompt=23945    0.3s ( 85259 tok/s) cum=4527071
[17:57:56] churn 190/500: prompt=23939    0.3s ( 85189 tok/s) cum=4551010
[17:57:56] churn 191/500: prompt=23952    0.3s ( 85222 tok/s) cum=4574962
[17:57:56] churn 192/500: prompt=23967    0.3s ( 85377 tok/s) cum=4598929
[17:57:57] churn 193/500: prompt=23965    0.3s ( 85302 tok/s) cum=4622894
[17:57:57] churn 194/500: prompt=23958    0.3s ( 85169 tok/s) cum=4646852
[17:57:57] churn 195/500: prompt=23933    0.3s ( 85228 tok/s) cum=4670785
[17:57:57] churn 196/500: prompt=23932    0.3s ( 85211 tok/s) cum=4694717
[17:57:58] churn 197/500: prompt=23914    0.3s ( 81331 tok/s) cum=4718631
[17:57:58] churn 198/500: prompt=24024    0.3s ( 88343 tok/s) cum=4742655
[17:57:58] churn 199/500: prompt=24001    0.3s ( 80906 tok/s) cum=4766656
[17:57:59] churn 200/500: prompt=23954    0.3s ( 85103 tok/s) cum=4790610
[17:57:59] churn 201/500: prompt=23897    0.3s ( 85112 tok/s) cum=4814507
[17:57:59] churn 202/500: prompt=23977    0.3s ( 81305 tok/s) cum=4838484
[17:58:00] churn 203/500: prompt=23951    0.3s ( 85317 tok/s) cum=4862435
[17:58:00] churn 204/500: prompt=23944    0.3s ( 85184 tok/s) cum=4886379
[17:58:00] churn 205/500: prompt=23926    0.3s ( 85115 tok/s) cum=4910305
[17:58:00] churn 206/500: prompt=23973    0.3s ( 81448 tok/s) cum=4934278
[17:58:01] churn 207/500: prompt=23973    0.3s ( 85353 tok/s) cum=4958251
[17:58:01] churn 208/500: prompt=23969    0.3s ( 81364 tok/s) cum=4982220
[17:58:01] churn 209/500: prompt=23966    0.3s ( 85323 tok/s) cum=5006186
[17:58:02] churn 210/500: prompt=23935    0.3s ( 85343 tok/s) cum=5030121
[17:58:02] churn 211/500: prompt=24009    0.3s ( 84857 tok/s) cum=5054130
[17:58:02] churn 212/500: prompt=23945    0.3s ( 81068 tok/s) cum=5078075
[17:58:02] churn 213/500: prompt=23958    0.3s ( 85252 tok/s) cum=5102033
[17:58:03] churn 214/500: prompt=23985    0.3s ( 85287 tok/s) cum=5126018
[17:58:03] churn 215/500: prompt=23948    0.3s ( 85188 tok/s) cum=5149966
[17:58:03] churn 216/500: prompt=23927    0.3s ( 84946 tok/s) cum=5173893
[17:58:04] churn 217/500: prompt=23928    0.3s ( 85342 tok/s) cum=5197821
[17:58:04] churn 218/500: prompt=23978    0.3s ( 85245 tok/s) cum=5221799
[17:58:04] churn 219/500: prompt=23940    0.3s ( 85095 tok/s) cum=5245739
[17:58:04] churn 220/500: prompt=23937    0.3s ( 85200 tok/s) cum=5269676
[17:58:05] churn 221/500: prompt=23922    0.3s ( 85285 tok/s) cum=5293598
[17:58:05] churn 222/500: prompt=23980    0.3s ( 85349 tok/s) cum=5317578
[17:58:05] churn 223/500: prompt=23949    0.3s ( 85218 tok/s) cum=5341527
[17:58:06] churn 224/500: prompt=23926    0.3s ( 85287 tok/s) cum=5365453
[17:58:06] churn 225/500: prompt=23955    0.3s ( 85907 tok/s) cum=5389408
[17:58:06] churn 226/500: prompt=23943    0.3s ( 85995 tok/s) cum=5413351
[17:58:06] churn 227/500: prompt=24044    0.3s ( 81137 tok/s) cum=5437395
[17:58:07] churn 228/500: prompt=23934    0.3s ( 85745 tok/s) cum=5461329
[17:58:07] churn 229/500: prompt=23999    0.3s ( 86079 tok/s) cum=5485328
[17:58:07] churn 230/500: prompt=23951    0.3s ( 85978 tok/s) cum=5509279
[17:58:08] churn 231/500: prompt=23963    0.3s ( 86021 tok/s) cum=5533242
[17:58:08] churn 232/500: prompt=23915    0.3s ( 81759 tok/s) cum=5557157
[17:58:08] churn 233/500: prompt=23902    0.3s ( 85645 tok/s) cum=5581059
[17:58:08] churn 234/500: prompt=23985    0.3s ( 85400 tok/s) cum=5605044
[17:58:09] churn 235/500: prompt=23959    0.3s ( 81900 tok/s) cum=5629003
[17:58:09] churn 236/500: prompt=23970    0.3s ( 85755 tok/s) cum=5652973
[17:58:09] churn 237/500: prompt=23979    0.3s ( 85955 tok/s) cum=5676952
[17:58:10] churn 238/500: prompt=23935    0.3s ( 85827 tok/s) cum=5700887
[17:58:10] churn 239/500: prompt=23943    0.3s ( 81682 tok/s) cum=5724830
[17:58:10] churn 240/500: prompt=23914    0.3s ( 85749 tok/s) cum=5748744
[17:58:10] churn 241/500: prompt=23983    0.3s ( 85823 tok/s) cum=5772727
[17:58:11] churn 242/500: prompt=23997    0.3s ( 85102 tok/s) cum=5796724
[17:58:11] churn 243/500: prompt=23931    0.3s ( 80964 tok/s) cum=5820655
[17:58:11] churn 244/500: prompt=23946    0.3s ( 85744 tok/s) cum=5844601
[17:58:12] churn 245/500: prompt=23927    0.3s ( 85573 tok/s) cum=5868528
[17:58:12] churn 246/500: prompt=23927    0.3s ( 85523 tok/s) cum=5892455
[17:58:12] churn 247/500: prompt=23954    0.3s ( 86434 tok/s) cum=5916409
[17:58:13] churn 248/500: prompt=23959    0.3s ( 81812 tok/s) cum=5940368
[17:58:13] churn 249/500: prompt=23938    0.3s ( 85753 tok/s) cum=5964306
[17:58:13] churn 250/500: prompt=23952    0.3s ( 85451 tok/s) cum=5988258
[17:58:13] churn 251/500: prompt=23934    0.3s ( 87181 tok/s) cum=6012192
[17:58:14] churn 252/500: prompt=23968    0.3s ( 85433 tok/s) cum=6036160
[17:58:14] churn 253/500: prompt=24008    0.3s ( 85442 tok/s) cum=6060168
[17:58:14] churn 254/500: prompt=23938    0.3s ( 85705 tok/s) cum=6084106
[17:58:15] churn 255/500: prompt=23928    0.3s ( 81671 tok/s) cum=6108034
[17:58:15] churn 256/500: prompt=23943    0.3s ( 85863 tok/s) cum=6131977
[17:58:15] churn 257/500: prompt=23930    0.3s ( 85477 tok/s) cum=6155907
[17:58:15] churn 258/500: prompt=23953    0.3s ( 81566 tok/s) cum=6179860
[17:58:16] churn 259/500: prompt=23978    0.3s ( 85639 tok/s) cum=6203838
[17:58:16] churn 260/500: prompt=23950    0.3s ( 85589 tok/s) cum=6227788
[17:58:16] churn 261/500: prompt=24004    0.3s ( 81479 tok/s) cum=6251792
[17:58:17] churn 262/500: prompt=23914    0.3s ( 85671 tok/s) cum=6275706
[17:58:17] churn 263/500: prompt=23932    0.3s ( 81622 tok/s) cum=6299638
[17:58:17] churn 264/500: prompt=23980    0.3s ( 85697 tok/s) cum=6323618
[17:58:17] churn 265/500: prompt=23953    0.3s ( 85849 tok/s) cum=6347571
[17:58:18] churn 266/500: prompt=23921    0.3s ( 85420 tok/s) cum=6371492
[17:58:18] churn 267/500: prompt=23985    0.3s ( 85693 tok/s) cum=6395477
[17:58:18] churn 268/500: prompt=23940    0.3s ( 85639 tok/s) cum=6419417
[17:58:19] churn 269/500: prompt=23923    0.3s ( 85668 tok/s) cum=6443340
[17:58:19] churn 270/500: prompt=23989    0.3s ( 85864 tok/s) cum=6467329
[17:58:19] churn 271/500: prompt=23950    0.3s ( 85785 tok/s) cum=6491279
[17:58:19] churn 272/500: prompt=23947    0.3s ( 85789 tok/s) cum=6515226
[17:58:20] churn 273/500: prompt=23976    0.3s ( 85883 tok/s) cum=6539202
[17:58:20] churn 274/500: prompt=23955    0.3s ( 85823 tok/s) cum=6563157
[17:58:20] churn 275/500: prompt=23881    0.3s ( 85620 tok/s) cum=6587038
[17:58:21] churn 276/500: prompt=23953    0.3s ( 87732 tok/s) cum=6610991
[17:58:21] churn 277/500: prompt=23980    0.3s ( 90860 tok/s) cum=6634971
[17:58:21] churn 278/500: prompt=23953    0.3s ( 89389 tok/s) cum=6658924
[17:58:21] churn 279/500: prompt=23982    0.3s ( 80364 tok/s) cum=6682906
[17:58:22] churn 280/500: prompt=23938    0.3s ( 84183 tok/s) cum=6706844
[17:58:22] churn 281/500: prompt=23980    0.3s ( 84248 tok/s) cum=6730824
[17:58:22] churn 282/500: prompt=23923    0.3s ( 84434 tok/s) cum=6754747
[17:58:23] churn 283/500: prompt=23958    0.3s ( 84139 tok/s) cum=6778705
[17:58:23] churn 284/500: prompt=23978    0.3s ( 84694 tok/s) cum=6802683
[17:58:23] churn 285/500: prompt=23936    0.3s ( 84816 tok/s) cum=6826619
[17:58:23] churn 286/500: prompt=23962    0.3s ( 89340 tok/s) cum=6850581
[17:58:24] churn 287/500: prompt=23924    0.3s ( 80900 tok/s) cum=6874505
[17:58:24] churn 288/500: prompt=23956    0.3s ( 84842 tok/s) cum=6898461
[17:58:24] churn 289/500: prompt=23949    0.3s ( 84847 tok/s) cum=6922410
[17:58:25] churn 290/500: prompt=23950    0.3s ( 84675 tok/s) cum=6946360
[17:58:25] churn 291/500: prompt=23963    0.3s ( 84915 tok/s) cum=6970323
[17:58:25] churn 292/500: prompt=23881    0.3s ( 84628 tok/s) cum=6994204
[17:58:25] churn 293/500: prompt=23942    0.3s ( 84675 tok/s) cum=7018146
[17:58:26] churn 294/500: prompt=23975    0.3s ( 84919 tok/s) cum=7042121
[17:58:26] churn 295/500: prompt=23985    0.3s ( 85138 tok/s) cum=7066106
[17:58:26] churn 296/500: prompt=23902    0.3s ( 84797 tok/s) cum=7090008
[17:58:27] churn 297/500: prompt=23952    0.3s ( 83678 tok/s) cum=7113960
[17:58:27] churn 298/500: prompt=23970    0.3s ( 80541 tok/s) cum=7137930
[17:58:27] churn 299/500: prompt=23995    0.3s ( 84292 tok/s) cum=7161925
[17:58:27] churn 300/500: prompt=23964    0.3s ( 84806 tok/s) cum=7185889
[17:58:28] churn 301/500: prompt=23941    0.3s ( 84665 tok/s) cum=7209830
[17:58:28] churn 302/500: prompt=23954    0.3s ( 84642 tok/s) cum=7233784
[17:58:28] churn 303/500: prompt=23960    0.3s ( 84671 tok/s) cum=7257744
[17:58:29] churn 304/500: prompt=23999    0.3s ( 84609 tok/s) cum=7281743
[17:58:29] churn 305/500: prompt=23936    0.3s ( 84767 tok/s) cum=7305679
[17:58:29] churn 306/500: prompt=23956    0.3s ( 84910 tok/s) cum=7329635
[17:58:30] churn 307/500: prompt=23952    0.3s ( 84567 tok/s) cum=7353587
[17:58:30] churn 308/500: prompt=23928    0.3s ( 84769 tok/s) cum=7377515
[17:58:30] churn 309/500: prompt=24010    0.3s ( 84721 tok/s) cum=7401525
[17:58:30] churn 310/500: prompt=23988    0.3s ( 84677 tok/s) cum=7425513
[17:58:31] churn 311/500: prompt=24023    0.3s ( 81182 tok/s) cum=7449536
[17:58:31] churn 312/500: prompt=24044    0.3s ( 84742 tok/s) cum=7473580
[17:58:31] churn 313/500: prompt=23993    0.3s ( 84600 tok/s) cum=7497573
[17:58:32] churn 314/500: prompt=23956    0.3s ( 84563 tok/s) cum=7521529
[17:58:32] churn 315/500: prompt=24021    0.3s ( 81031 tok/s) cum=7545550
[17:58:32] churn 316/500: prompt=23984    0.3s ( 84717 tok/s) cum=7569534
[17:58:32] churn 317/500: prompt=23972    0.3s ( 84436 tok/s) cum=7593506
[17:58:33] churn 318/500: prompt=23990    0.3s ( 80812 tok/s) cum=7617496
[17:58:33] churn 319/500: prompt=23962    0.3s ( 84771 tok/s) cum=7641458
[17:58:33] churn 320/500: prompt=23953    0.3s ( 84593 tok/s) cum=7665411
[17:58:34] churn 321/500: prompt=23941    0.3s ( 85477 tok/s) cum=7689352
[17:58:34] churn 322/500: prompt=23971    0.3s ( 84870 tok/s) cum=7713323
[17:58:34] churn 323/500: prompt=23977    0.3s ( 84748 tok/s) cum=7737300
[17:58:34] churn 324/500: prompt=23966    0.3s ( 81331 tok/s) cum=7761266
[17:58:35] churn 325/500: prompt=23959    0.3s ( 84735 tok/s) cum=7785225
[17:58:35] churn 326/500: prompt=23971    0.3s ( 80940 tok/s) cum=7809196
[17:58:35] churn 327/500: prompt=23940    0.3s ( 84651 tok/s) cum=7833136
[17:58:36] churn 328/500: prompt=23985    0.3s ( 84735 tok/s) cum=7857121
[17:58:36] churn 329/500: prompt=23912    0.3s ( 84561 tok/s) cum=7881033
[17:58:36] churn 330/500: prompt=23928    0.3s ( 84615 tok/s) cum=7904961
[17:58:37] churn 331/500: prompt=23966    0.3s ( 84556 tok/s) cum=7928927
[17:58:37] churn 332/500: prompt=23975    0.3s ( 80840 tok/s) cum=7952902
[17:58:37] churn 333/500: prompt=23902    0.3s ( 84524 tok/s) cum=7976804
[17:58:37] churn 334/500: prompt=23989    0.3s ( 84716 tok/s) cum=8000793
[17:58:38] churn 335/500: prompt=23921    0.3s ( 84561 tok/s) cum=8024714
[17:58:38] churn 336/500: prompt=23925    0.3s ( 84621 tok/s) cum=8048639
[17:58:38] churn 337/500: prompt=23995    0.3s ( 84804 tok/s) cum=8072634
[17:58:39] churn 338/500: prompt=23973    0.3s ( 81049 tok/s) cum=8096607
[17:58:39] churn 339/500: prompt=23952    0.3s ( 84675 tok/s) cum=8120559
[17:58:39] churn 340/500: prompt=23957    0.3s ( 84746 tok/s) cum=8144516
[17:58:39] churn 341/500: prompt=23915    0.3s ( 80803 tok/s) cum=8168431
[17:58:40] churn 342/500: prompt=23953    0.3s ( 84573 tok/s) cum=8192384
[17:58:40] churn 343/500: prompt=23994    0.3s ( 84691 tok/s) cum=8216378
[17:58:40] churn 344/500: prompt=23930    0.3s ( 84599 tok/s) cum=8240308
[17:58:41] churn 345/500: prompt=23940    0.3s ( 80850 tok/s) cum=8264248
[17:58:41] churn 346/500: prompt=23983    0.3s ( 84645 tok/s) cum=8288231
[17:58:41] churn 347/500: prompt=23956    0.3s ( 84394 tok/s) cum=8312187
[17:58:41] churn 348/500: prompt=23986    0.3s ( 84627 tok/s) cum=8336173
[17:58:42] churn 349/500: prompt=23997    0.3s ( 84706 tok/s) cum=8360170
[17:58:42] churn 350/500: prompt=23946    0.3s ( 84537 tok/s) cum=8384116
[17:58:42] churn 351/500: prompt=23938    0.3s ( 84421 tok/s) cum=8408054
[17:58:43] churn 352/500: prompt=23962    0.3s ( 84741 tok/s) cum=8432016
[17:58:43] churn 353/500: prompt=23968    0.3s ( 81082 tok/s) cum=8455984
[17:58:43] churn 354/500: prompt=23989    0.3s ( 84658 tok/s) cum=8479973
[17:58:44] churn 355/500: prompt=23969    0.3s ( 84561 tok/s) cum=8503942
[17:58:44] churn 356/500: prompt=23965    0.3s ( 84637 tok/s) cum=8527907
[17:58:44] churn 357/500: prompt=23971    0.3s ( 84564 tok/s) cum=8551878
[17:58:44] churn 358/500: prompt=24009    0.3s ( 84081 tok/s) cum=8575887
[17:58:45] churn 359/500: prompt=23979    0.3s ( 81000 tok/s) cum=8599866
[17:58:45] churn 360/500: prompt=23967    0.3s ( 84419 tok/s) cum=8623833
[17:58:45] churn 361/500: prompt=23927    0.3s ( 84365 tok/s) cum=8647760
[17:58:46] churn 362/500: prompt=23942    0.3s ( 84551 tok/s) cum=8671702
[17:58:46] churn 363/500: prompt=23965    0.3s ( 84586 tok/s) cum=8695667
[17:58:46] churn 364/500: prompt=23995    0.3s ( 84669 tok/s) cum=8719662
[17:58:46] churn 365/500: prompt=23936    0.3s ( 84283 tok/s) cum=8743598
[17:58:47] churn 366/500: prompt=23895    0.3s ( 84095 tok/s) cum=8767493
[17:58:47] churn 367/500: prompt=24028    0.3s ( 84328 tok/s) cum=8791521
[17:58:47] churn 368/500: prompt=23988    0.3s ( 84467 tok/s) cum=8815509
[17:58:48] churn 369/500: prompt=23983    0.3s ( 84461 tok/s) cum=8839492
[17:58:48] churn 370/500: prompt=23949    0.3s ( 84393 tok/s) cum=8863441
[17:58:48] churn 371/500: prompt=23953    0.3s ( 84557 tok/s) cum=8887394
[17:58:48] churn 372/500: prompt=24013    0.3s ( 84565 tok/s) cum=8911407
[17:58:49] churn 373/500: prompt=23931    0.3s ( 85858 tok/s) cum=8935338
[17:58:49] churn 374/500: prompt=23975    0.3s ( 80749 tok/s) cum=8959313
[17:58:49] churn 375/500: prompt=23938    0.3s ( 84417 tok/s) cum=8983251
[17:58:50] churn 376/500: prompt=23929    0.3s ( 84639 tok/s) cum=9007180
[17:58:50] churn 377/500: prompt=23912    0.3s ( 81129 tok/s) cum=9031092
[17:58:50] churn 378/500: prompt=24004    0.3s ( 85449 tok/s) cum=9055096
[17:58:50] churn 379/500: prompt=23947    0.3s ( 85625 tok/s) cum=9079043
[17:58:51] churn 380/500: prompt=23970    0.3s ( 85190 tok/s) cum=9103013
[17:58:51] churn 381/500: prompt=24007    0.3s ( 81075 tok/s) cum=9127020
[17:58:51] churn 382/500: prompt=23940    0.3s ( 84609 tok/s) cum=9150960
[17:58:52] churn 383/500: prompt=23974    0.3s ( 84554 tok/s) cum=9174934
[17:58:52] churn 384/500: prompt=23948    0.3s ( 84614 tok/s) cum=9198882
[17:58:52] churn 385/500: prompt=23987    0.3s ( 84692 tok/s) cum=9222869
[17:58:53] churn 386/500: prompt=23973    0.3s ( 84599 tok/s) cum=9246842
[17:58:53] churn 387/500: prompt=23940    0.3s ( 80513 tok/s) cum=9270782
[17:58:53] churn 388/500: prompt=23969    0.3s ( 84524 tok/s) cum=9294751
[17:58:53] churn 389/500: prompt=23928    0.3s ( 84594 tok/s) cum=9318679
[17:58:54] churn 390/500: prompt=23946    0.3s ( 84445 tok/s) cum=9342625
[17:58:54] churn 391/500: prompt=23973    0.3s ( 84631 tok/s) cum=9366598
[17:58:54] churn 392/500: prompt=23972    0.3s ( 84578 tok/s) cum=9390570
[17:58:55] churn 393/500: prompt=23989    0.3s ( 80940 tok/s) cum=9414559
[17:58:55] churn 394/500: prompt=23964    0.3s ( 84091 tok/s) cum=9438523
[17:58:55] churn 395/500: prompt=23947    0.3s ( 84486 tok/s) cum=9462470
[17:58:55] churn 396/500: prompt=23980    0.3s ( 84502 tok/s) cum=9486450
[17:58:56] churn 397/500: prompt=23995    0.3s ( 84424 tok/s) cum=9510445
[17:58:56] churn 398/500: prompt=24005    0.3s ( 84126 tok/s) cum=9534450
[17:58:56] churn 399/500: prompt=23932    0.3s ( 84523 tok/s) cum=9558382
[17:58:57] churn 400/500: prompt=23927    0.3s ( 84622 tok/s) cum=9582309
[17:58:57] churn 401/500: prompt=23969    0.3s ( 84550 tok/s) cum=9606278
[17:58:57] churn 402/500: prompt=23963    0.3s ( 84653 tok/s) cum=9630241
[17:58:57] churn 403/500: prompt=23988    0.3s ( 84392 tok/s) cum=9654229
[17:58:58] churn 404/500: prompt=23954    0.3s ( 84496 tok/s) cum=9678183
[17:58:58] churn 405/500: prompt=24013    0.3s ( 84544 tok/s) cum=9702196
[17:58:58] churn 406/500: prompt=23980    0.3s ( 80904 tok/s) cum=9726176
[17:58:59] churn 407/500: prompt=23916    0.3s ( 85663 tok/s) cum=9750092
[17:58:59] churn 408/500: prompt=23942    0.3s ( 80521 tok/s) cum=9774034
[17:58:59] churn 409/500: prompt=23969    0.3s ( 84530 tok/s) cum=9798003
[17:59:00] churn 410/500: prompt=23983    0.3s ( 80673 tok/s) cum=9821986
[17:59:00] churn 411/500: prompt=23896    0.3s ( 84419 tok/s) cum=9845882
[17:59:00] churn 412/500: prompt=23934    0.3s ( 84564 tok/s) cum=9869816
[17:59:00] churn 413/500: prompt=23927    0.3s ( 84490 tok/s) cum=9893743
[17:59:01] churn 414/500: prompt=23984    0.3s ( 84456 tok/s) cum=9917727
[17:59:01] churn 415/500: prompt=23983    0.3s ( 84502 tok/s) cum=9941710
[17:59:01] churn 416/500: prompt=23963    0.3s ( 84268 tok/s) cum=9965673
[17:59:02] churn 417/500: prompt=23955    0.3s ( 84460 tok/s) cum=9989628
[17:59:02] churn 418/500: prompt=23963    0.3s ( 84236 tok/s) cum=10013591
[17:59:02] churn 419/500: prompt=23975    0.3s ( 84150 tok/s) cum=10037566
[17:59:02] churn 420/500: prompt=23927    0.3s ( 84425 tok/s) cum=10061493
[17:59:03] churn 421/500: prompt=23887    0.3s ( 84133 tok/s) cum=10085380
[17:59:03] churn 422/500: prompt=23914    0.3s ( 84350 tok/s) cum=10109294
[17:59:03] churn 423/500: prompt=23980    0.3s ( 84506 tok/s) cum=10133274
[17:59:04] churn 424/500: prompt=23936    0.3s ( 84451 tok/s) cum=10157210
[17:59:04] churn 425/500: prompt=23921    0.3s ( 84088 tok/s) cum=10181131
[17:59:04] churn 426/500: prompt=24020    0.3s ( 84187 tok/s) cum=10205151
[17:59:04] churn 427/500: prompt=23961    0.3s ( 84473 tok/s) cum=10229112
[17:59:05] churn 428/500: prompt=23940    0.3s ( 84461 tok/s) cum=10253052
[17:59:05] churn 429/500: prompt=23945    0.3s ( 84517 tok/s) cum=10276997
[17:59:05] churn 430/500: prompt=23906    0.3s ( 84198 tok/s) cum=10300903
[17:59:06] churn 431/500: prompt=23976    0.3s ( 84471 tok/s) cum=10324879
[17:59:06] churn 432/500: prompt=23938    0.3s ( 84512 tok/s) cum=10348817
[17:59:06] churn 433/500: prompt=23891    0.3s ( 84421 tok/s) cum=10372708
[17:59:06] churn 434/500: prompt=23899    0.3s ( 84428 tok/s) cum=10396607
[17:59:07] churn 435/500: prompt=23964    0.3s ( 84326 tok/s) cum=10420571
[17:59:07] churn 436/500: prompt=23876    0.3s ( 84511 tok/s) cum=10444447
[17:59:07] churn 437/500: prompt=23929    0.3s ( 84228 tok/s) cum=10468376
[17:59:08] churn 438/500: prompt=23940    0.3s ( 84514 tok/s) cum=10492316
[17:59:08] churn 439/500: prompt=23921    0.3s ( 84137 tok/s) cum=10516237
[17:59:08] churn 440/500: prompt=23909    0.3s ( 84499 tok/s) cum=10540146
[17:59:09] churn 441/500: prompt=23995    0.3s ( 84533 tok/s) cum=10564141
[17:59:09] churn 442/500: prompt=23909    0.3s ( 86736 tok/s) cum=10588050
[17:59:09] churn 443/500: prompt=23942    0.3s ( 85122 tok/s) cum=10611992
[17:59:09] churn 444/500: prompt=23973    0.3s ( 84674 tok/s) cum=10635965
[17:59:10] churn 445/500: prompt=23886    0.3s ( 84559 tok/s) cum=10659851
[17:59:10] churn 446/500: prompt=24006    0.3s ( 84323 tok/s) cum=10683857
[17:59:10] churn 447/500: prompt=23944    0.3s ( 84528 tok/s) cum=10707801
[17:59:11] churn 448/500: prompt=23993    0.3s ( 84466 tok/s) cum=10731794
[17:59:11] churn 449/500: prompt=23973    0.3s ( 84636 tok/s) cum=10755767
[17:59:11] churn 450/500: prompt=23878    0.3s ( 84299 tok/s) cum=10779645
[17:59:11] churn 451/500: prompt=23909    0.3s ( 84274 tok/s) cum=10803554
[17:59:12] churn 452/500: prompt=23975    0.3s ( 84355 tok/s) cum=10827529
[17:59:12] churn 453/500: prompt=23958    0.3s ( 84386 tok/s) cum=10851487
[17:59:12] churn 454/500: prompt=23939    0.3s ( 84543 tok/s) cum=10875426
[17:59:13] churn 455/500: prompt=23916    0.3s ( 84548 tok/s) cum=10899342
[17:59:13] churn 456/500: prompt=23921    0.3s ( 84385 tok/s) cum=10923263
[17:59:13] churn 457/500: prompt=23931    0.3s ( 84183 tok/s) cum=10947194
[17:59:13] churn 458/500: prompt=24007    0.3s ( 84585 tok/s) cum=10971201
[17:59:14] churn 459/500: prompt=23961    0.3s ( 84594 tok/s) cum=10995162
[17:59:14] churn 460/500: prompt=23976    0.3s ( 84604 tok/s) cum=11019138
[17:59:14] churn 461/500: prompt=23946    0.3s ( 84154 tok/s) cum=11043084
[17:59:15] churn 462/500: prompt=23942    0.3s ( 84534 tok/s) cum=11067026
[17:59:15] churn 463/500: prompt=23947    0.3s ( 84673 tok/s) cum=11090973
[17:59:15] churn 464/500: prompt=23996    0.3s ( 84638 tok/s) cum=11114969
[17:59:15] churn 465/500: prompt=23962    0.3s ( 84548 tok/s) cum=11138931
[17:59:16] churn 466/500: prompt=23949    0.3s ( 84486 tok/s) cum=11162880
[17:59:16] churn 467/500: prompt=23945    0.3s ( 80526 tok/s) cum=11186825
[17:59:16] churn 468/500: prompt=23959    0.3s ( 84448 tok/s) cum=11210784
[17:59:17] churn 469/500: prompt=23977    0.3s ( 84491 tok/s) cum=11234761
[17:59:17] churn 470/500: prompt=23937    0.3s ( 84434 tok/s) cum=11258698
[17:59:17] churn 471/500: prompt=23999    0.3s ( 84557 tok/s) cum=11282697
[17:59:18] churn 472/500: prompt=23943    0.3s ( 84409 tok/s) cum=11306640
[17:59:18] churn 473/500: prompt=23973    0.3s ( 80746 tok/s) cum=11330613
[17:59:18] churn 474/500: prompt=23936    0.3s ( 84505 tok/s) cum=11354549
[17:59:18] churn 475/500: prompt=23924    0.3s ( 84519 tok/s) cum=11378473
[17:59:19] churn 476/500: prompt=23980    0.3s ( 84587 tok/s) cum=11402453
[17:59:19] churn 477/500: prompt=23954    0.3s ( 85579 tok/s) cum=11426407
[17:59:19] churn 478/500: prompt=23879    0.3s ( 84755 tok/s) cum=11450286
[17:59:20] churn 479/500: prompt=23933    0.3s ( 84538 tok/s) cum=11474219
[17:59:20] churn 480/500: prompt=24027    0.3s ( 84465 tok/s) cum=11498246
[17:59:20] churn 481/500: prompt=23915    0.3s ( 84208 tok/s) cum=11522161
[17:59:20] churn 482/500: prompt=23936    0.3s ( 84629 tok/s) cum=11546097
[17:59:21] churn 483/500: prompt=23994    0.3s ( 84758 tok/s) cum=11570091
[17:59:21] churn 484/500: prompt=23939    0.3s ( 84530 tok/s) cum=11594030
[17:59:21] churn 485/500: prompt=23975    0.3s ( 84050 tok/s) cum=11618005
[17:59:22] churn 486/500: prompt=23906    0.3s ( 87424 tok/s) cum=11641911
[17:59:22] churn 487/500: prompt=23951    0.3s ( 88984 tok/s) cum=11665862
[17:59:22] churn 488/500: prompt=23993    0.3s ( 88455 tok/s) cum=11689855
[17:59:22] churn 489/500: prompt=23955    0.3s ( 88837 tok/s) cum=11713810
[17:59:23] churn 490/500: prompt=23984    0.3s ( 84347 tok/s) cum=11737794
[17:59:23] churn 491/500: prompt=23965    0.3s ( 80490 tok/s) cum=11761759
[17:59:23] churn 492/500: prompt=23944    0.3s ( 84422 tok/s) cum=11785703
[17:59:24] churn 493/500: prompt=23962    0.3s ( 84235 tok/s) cum=11809665
[17:59:24] churn 494/500: prompt=23946    0.3s ( 84353 tok/s) cum=11833611
[17:59:24] churn 495/500: prompt=23958    0.3s ( 84536 tok/s) cum=11857569
[17:59:24] churn 496/500: prompt=23943    0.3s ( 84251 tok/s) cum=11881512
[17:59:25] churn 497/500: prompt=23956    0.3s ( 84688 tok/s) cum=11905468
[17:59:25] churn 498/500: prompt=23904    0.3s ( 84617 tok/s) cum=11929372
[17:59:25] churn 499/500: prompt=23946    0.3s ( 84558 tok/s) cum=11953318
[17:59:26] churn 500/500: prompt=23942    0.3s ( 84504 tok/s) cum=11977260
[17:59:26] after churn (11977260 tokens): store=1281.50G load=0.00G pc_hits/q=24096/12025478 ext_hits/q=0/12001382 preempt=0 alloc_fail=0
[17:59:26] warm   : prompt=24109 TTFT=  0.30s total=   0.5s needle=NIE identical_to_cold=True common_prefix=253/253 loaded=0.00 GiB (0.0 KiB/token) | store=1284.07G load=0.00G pc_hits/q=24096/12049587 ext_hits/q=0/12025491 preempt=0 alloc_fail=0
[17:59:26] gpuhit : prompt=24109 TTFT=  0.08s total=   0.3s identical_to_warm=True | store=1284.07G load=0.00G pc_hits/q=48192/12073696 ext_hits/q=0/12025504 preempt=0 alloc_fail=0
[17:59:26] VERDICT: FAIL  (cold TTFT 0.3 s -> warm-from-RAM 0.30 s -> GPU hit 0.08 s)
